(((((GFIM01005958.9.1236:1,EU156766.1.1269:1):1,(LC198619.1.1220:1,FJ981654.1.1204:1):1):1,(((AE000513.2467934.2469435:1,((EU762772.1.1354:1,(KX984117.1.1262:1,KX212247.1.1200:1):1):1,((DQ801220.1.1342:1,4cddfed97ed397e48febf56da534b2a7:1):1,EU767188.1.1370:1):1):1):1,((AJ239312.1.1355:1,KF571471.1.1207:1):1,DQ793742.1.1312:1):1):1,(((FJ503081.1.1238:1,EU455199.1.1210:1):1,LN611354.1.1200:1):1,((KT873246.1.1201:1,FJ753830.1.1232:1):1,(JQ186757.1.1359:1,GQ448970.1.1284:1):1):1):1):1):1,((JQ189739.1.1362:1,(KF084610.1.1355:1,EU510027.1.1344:1):1):1,(CAQA01000070.1409.4877:1,DQ823971.1.1252:1):1):1):1,(((((KR029790.1.1200:1,FJ371873.1.1224:1):1,(e028a0db64a79ab1ec86a07447ad726e:1,HM046431.1.1200:1):1):1,(EU776908.1.1289:1,(CP000721.924919.926423:1,AY981913.1.1349:1):1):1):1,(KX792217.1.1200:1,(((DQ796136.1.1225:1,DQ441256.1.1313:1):1,(KX792215.1.1201:1,f0a99f591da5ea357f519648de1daf71:1):1):1,CVLP01000086.4757.6053:1):1):1):1,EU765294.1.1363:1):1);
